// Vitest Snapshot v1, https://vitest.dev/guide/snapshot.html

exports[`Infinite wave detection > options 1`] = `
"[
  {
    "cleanups": {
      "suppressTypeErrors": true
    },
    "files": {
      "above": "",
      "below": "",
      "renameExtensions": false
    },
    "filters": [],
    "fixes": {
      "importExtensions": false,
      "incompleteTypes": false,
      "missingProperties": false,
      "noImplicitAny": false,
      "noImplicitThis": false,
      "noInferableTypes": false,
      "strictNonNullAssertions": false
    },
    "hints": {
      "react": {
        "propTypes": "whenRequired",
        "propTypesOptionality": "asWritten"
      }
    },
    "include": [
      "<rootDir>/actual.ts"
    ],
    "mutators": [
      [
        "./infiniteMutator.cjs",
        null
      ]
    ],
    "output": {},
    "package": {
      "directory": "<rootDir>",
      "file": "<rootDir>/package.json"
    },
    "parsedTsConfig": {
      "options": {
        "configFilePath": "<rootDir>/tsconfig.json",
        "noEmit": true,
        "noImplicitAny": false,
        "noImplicitThis": false,
        "strictNullChecks": false
      },
      "fileNames": [
        "<rootDir>/actual.ts"
      ],
      "typeAcquisition": {
        "enable": false,
        "include": [],
        "exclude": []
      },
      "raw": {
        "include": [
          "actual.ts"
        ]
      },
      "errors": [],
      "wildcardDirectories": {},
      "compileOnSave": false
    },
    "postProcess": {
      "shell": []
    },
    "projectPath": "<rootDir>/tsconfig.json",
    "types": {}
  }
]"
`;
