// Vitest Snapshot v1, https://vitest.dev/guide/snapshot.html

exports[`Infinite wave detection > options 1`] = `
"[
  {
    "cleanups": {
      "suppressTypeErrors": true
    },
    "compilerOptions": {
      "include": [
        "actual.ts"
      ],
      "compileOnSave": false,
      "noImplicitAny": false,
      "noImplicitThis": false,
      "strictNullChecks": false
    },
    "files": {
      "above": "",
      "below": "",
      "renameExtensions": false
    },
    "filters": [],
    "fixes": {
      "importExtensions": false,
      "incompleteTypes": false,
      "missingProperties": false,
      "noImplicitAny": false,
      "noImplicitThis": false,
      "noInferableTypes": false,
      "strictNonNullAssertions": false
    },
    "hints": {
      "react": {
        "propTypes": "whenRequired",
        "propTypesOptionality": "asWritten"
      }
    },
    "include": [
      "actual.ts"
    ],
    "mutators": [
      [
        "./infiniteMutator.cjs",
        null
      ]
    ],
    "output": {},
    "package": {
      "directory": "<rootDir>",
      "file": "<rootDir>/package.json"
    },
    "postProcess": {
      "shell": []
    },
    "projectPath": "<rootDir>/tsconfig.json",
    "types": {}
  }
]"
`;
